Archive member included because of file (symbol)

/usr/lib/gcc/avr/4.5.3/avr5/libgcc.a(_mulsi3.o)
                              main.o (__mulsi3)
/usr/lib/gcc/avr/4.5.3/avr5/libgcc.a(_udivmodsi4.o)
                              main.o (__udivmodsi4)
/usr/lib/gcc/avr/4.5.3/avr5/libgcc.a(_prologue.o)
                              main.o (__prologue_saves__)
/usr/lib/gcc/avr/4.5.3/avr5/libgcc.a(_epilogue.o)
                              main.o (__epilogue_restores__)
/usr/lib/gcc/avr/4.5.3/avr5/libgcc.a(_exit.o)
                              /usr/lib/gcc/avr/4.5.3/../../../../avr/lib/avr5/crtm328p.o (exit)
/usr/lib/gcc/avr/4.5.3/avr5/libgcc.a(_tablejump.o)
                              main.o (__tablejump2__)
/usr/lib/gcc/avr/4.5.3/avr5/libgcc.a(_copy_data.o)
                              main.o (__do_copy_data)
/usr/lib/gcc/avr/4.5.3/avr5/libgcc.a(_clear_bss.o)
                              main.o (__do_clear_bss)
/usr/lib/gcc/avr/4.5.3/../../../../avr/lib/avr5/libc.a(strcpy.o)
                              main.o (strcpy)
/usr/lib/gcc/avr/4.5.3/../../../../avr/lib/avr5/libc.a(strstr.o)
                              main.o (strstr)
/usr/lib/gcc/avr/4.5.3/../../../../avr/lib/avr5/libc.a(strtok_r.o)
                              main.o (strtok_r)
/usr/lib/gcc/avr/4.5.3/../../../../avr/lib/avr5/libc.a(ultoa.o)
                              main.o (ultoa)
/usr/lib/gcc/avr/4.5.3/../../../../avr/lib/avr5/libc.a(strrev.o)
                              /usr/lib/gcc/avr/4.5.3/../../../../avr/lib/avr5/libc.a(ultoa.o) (strrev)

Allocating common symbols
Common symbol       size              file

logFile             0x20              main.o
FileSystemObject    0x22e             main.o

Memory Configuration

Name             Origin             Length             Attributes
text             0x00000000         0x00020000         xr
data             0x00800060         0x0000ffa0         rw !x
eeprom           0x00810000         0x00010000         rw !x
*default*        0x00000000         0xffffffff

Linker script and memory map

Address of section .data set to 0x800100
LOAD /usr/lib/gcc/avr/4.5.3/../../../../avr/lib/avr5/crtm328p.o
LOAD main.o
LOAD /usr/lib/gcc/avr/4.5.3/avr5/libgcc.a
LOAD /usr/lib/gcc/avr/4.5.3/../../../../avr/lib/avr5/libc.a
LOAD /usr/lib/gcc/avr/4.5.3/avr5/libgcc.a

.hash
 *(.hash)

.dynsym
 *(.dynsym)

.dynstr
 *(.dynstr)

.gnu.version
 *(.gnu.version)

.gnu.version_d
 *(.gnu.version_d)

.gnu.version_r
 *(.gnu.version_r)

.rel.init
 *(.rel.init)

.rela.init
 *(.rela.init)

.rel.text
 *(.rel.text)
 *(.rel.text.*)
 *(.rel.gnu.linkonce.t*)

.rela.text
 *(.rela.text)
 *(.rela.text.*)
 *(.rela.gnu.linkonce.t*)

.rel.fini
 *(.rel.fini)

.rela.fini
 *(.rela.fini)

.rel.rodata
 *(.rel.rodata)
 *(.rel.rodata.*)
 *(.rel.gnu.linkonce.r*)

.rela.rodata
 *(.rela.rodata)
 *(.rela.rodata.*)
 *(.rela.gnu.linkonce.r*)

.rel.data
 *(.rel.data)
 *(.rel.data.*)
 *(.rel.gnu.linkonce.d*)

.rela.data
 *(.rela.data)
 *(.rela.data.*)
 *(.rela.gnu.linkonce.d*)

.rel.ctors
 *(.rel.ctors)

.rela.ctors
 *(.rela.ctors)

.rel.dtors
 *(.rel.dtors)

.rela.dtors
 *(.rela.dtors)

.rel.got
 *(.rel.got)

.rela.got
 *(.rela.got)

.rel.bss
 *(.rel.bss)

.rela.bss
 *(.rela.bss)

.rel.plt
 *(.rel.plt)

.rela.plt
 *(.rela.plt)

.text           0x00000000     0x36ac
 *(.vectors)
 .vectors       0x00000000       0x68 /usr/lib/gcc/avr/4.5.3/../../../../avr/lib/avr5/crtm328p.o
                0x00000000                __vectors
                0x00000000                __vector_default
 *(.vectors)
 *(.progmem.gcc*)
 .progmem.gcc_sw_table
                0x00000068       0x1e main.o
 *(.progmem*)
                0x00000086                . = ALIGN (0x2)
                0x00000086                __trampolines_start = .
 *(.trampolines)
 .trampolines   0x00000086        0x0 linker stubs
 *(.trampolines*)
                0x00000086                __trampolines_end = .
 *(.jumptables)
 *(.jumptables*)
 *(.lowtext)
 *(.lowtext*)
                0x00000086                __ctors_start = .
 *(.ctors)
                0x00000086                __ctors_end = .
                0x00000086                __dtors_start = .
 *(.dtors)
                0x00000086                __dtors_end = .
 SORT(*)(.ctors)
 SORT(*)(.dtors)
 *(.init0)
 .init0         0x00000086        0x0 /usr/lib/gcc/avr/4.5.3/../../../../avr/lib/avr5/crtm328p.o
                0x00000086                __init
 *(.init0)
 *(.init1)
 *(.init1)
 *(.init2)
 .init2         0x00000086        0xc /usr/lib/gcc/avr/4.5.3/../../../../avr/lib/avr5/crtm328p.o
 *(.init2)
 *(.init3)
 *(.init3)
 *(.init4)
 .init4         0x00000092       0x16 /usr/lib/gcc/avr/4.5.3/avr5/libgcc.a(_copy_data.o)
                0x00000092                __do_copy_data
 .init4         0x000000a8       0x10 /usr/lib/gcc/avr/4.5.3/avr5/libgcc.a(_clear_bss.o)
                0x000000a8                __do_clear_bss
 *(.init4)
 *(.init5)
 *(.init5)
 *(.init6)
 *(.init6)
 *(.init7)
 *(.init7)
 *(.init8)
 *(.init8)
 *(.init9)
 .init9         0x000000b8        0x8 /usr/lib/gcc/avr/4.5.3/../../../../avr/lib/avr5/crtm328p.o
 *(.init9)
 *(.text)
 .text          0x000000c0        0x4 /usr/lib/gcc/avr/4.5.3/../../../../avr/lib/avr5/crtm328p.o
                0x000000c0                __vector_22
                0x000000c0                __vector_1
                0x000000c0                __vector_24
                0x000000c0                __vector_12
                0x000000c0                __bad_interrupt
                0x000000c0                __vector_6
                0x000000c0                __vector_3
                0x000000c0                __vector_23
                0x000000c0                __vector_25
                0x000000c0                __vector_11
                0x000000c0                __vector_13
                0x000000c0                __vector_17
                0x000000c0                __vector_19
                0x000000c0                __vector_7
                0x000000c0                __vector_5
                0x000000c0                __vector_4
                0x000000c0                __vector_9
                0x000000c0                __vector_2
                0x000000c0                __vector_21
                0x000000c0                __vector_15
                0x000000c0                __vector_8
                0x000000c0                __vector_14
                0x000000c0                __vector_10
                0x000000c0                __vector_16
                0x000000c0                __vector_18
                0x000000c0                __vector_20
 .text          0x000000c4     0x33ee main.o
                0x00000350                clust2sect
                0x000003b0                f_mount
                0x000003e2                disk_initialize
                0x0000054c                disk_status
                0x0000055a                disk_read
                0x0000073e                disk_write
                0x000008fc                put_fat
                0x00000ad6                get_fat
                0x00000e40                f_lseek
                0x00001288                f_read
                0x0000177c                f_open
                0x00002508                f_write
                0x000028d8                disk_ioctl
                0x00002ba4                f_sync
                0x00002d34                f_close
                0x00002d50                disk_timerproc
                0x00002d6e                get_fattime
                0x00002d78                init_sdcard
                0x00002daa                sdcard_open
                0x00002dc8                sdcard_close
                0x00002dd2                USARTInit
                0x00002df0                USARTReadChar
                0x00002dfe                USARTWriteChar
                0x00002e0c                uart_puts
                0x00002e34                main
 .text          0x000034b2        0x0 /usr/lib/gcc/avr/4.5.3/avr5/libgcc.a(_mulsi3.o)
 .text          0x000034b2        0x0 /usr/lib/gcc/avr/4.5.3/avr5/libgcc.a(_udivmodsi4.o)
 .text          0x000034b2        0x0 /usr/lib/gcc/avr/4.5.3/avr5/libgcc.a(_prologue.o)
 .text          0x000034b2        0x0 /usr/lib/gcc/avr/4.5.3/avr5/libgcc.a(_epilogue.o)
 .text          0x000034b2        0x0 /usr/lib/gcc/avr/4.5.3/avr5/libgcc.a(_exit.o)
 .text          0x000034b2        0x0 /usr/lib/gcc/avr/4.5.3/avr5/libgcc.a(_tablejump.o)
 .text          0x000034b2        0x0 /usr/lib/gcc/avr/4.5.3/avr5/libgcc.a(_copy_data.o)
 .text          0x000034b2        0x0 /usr/lib/gcc/avr/4.5.3/avr5/libgcc.a(_clear_bss.o)
 .text          0x000034b2        0x0 /usr/lib/gcc/avr/4.5.3/../../../../avr/lib/avr5/libc.a(strcpy.o)
 .text          0x000034b2        0x0 /usr/lib/gcc/avr/4.5.3/../../../../avr/lib/avr5/libc.a(strstr.o)
 .text          0x000034b2        0x0 /usr/lib/gcc/avr/4.5.3/../../../../avr/lib/avr5/libc.a(strtok_r.o)
 .text          0x000034b2        0x0 /usr/lib/gcc/avr/4.5.3/../../../../avr/lib/avr5/libc.a(ultoa.o)
 .text          0x000034b2        0x0 /usr/lib/gcc/avr/4.5.3/../../../../avr/lib/avr5/libc.a(strrev.o)
                0x000034b2                . = ALIGN (0x2)
 *(.text.*)
 .text.libgcc   0x000034b2       0x3e /usr/lib/gcc/avr/4.5.3/avr5/libgcc.a(_mulsi3.o)
                0x000034b2                __mulsi3
 .text.libgcc   0x000034f0       0x44 /usr/lib/gcc/avr/4.5.3/avr5/libgcc.a(_udivmodsi4.o)
                0x000034f0                __udivmodsi4
 .text.libgcc   0x00003534       0x38 /usr/lib/gcc/avr/4.5.3/avr5/libgcc.a(_prologue.o)
                0x00003534                __prologue_saves__
 .text.libgcc   0x0000356c       0x36 /usr/lib/gcc/avr/4.5.3/avr5/libgcc.a(_epilogue.o)
                0x0000356c                __epilogue_restores__
 .text.libgcc   0x000035a2        0x0 /usr/lib/gcc/avr/4.5.3/avr5/libgcc.a(_exit.o)
 .text.libgcc   0x000035a2        0xc /usr/lib/gcc/avr/4.5.3/avr5/libgcc.a(_tablejump.o)
                0x000035a2                __tablejump2__
                0x000035a6                __tablejump__
 .text.libgcc   0x000035ae        0x0 /usr/lib/gcc/avr/4.5.3/avr5/libgcc.a(_copy_data.o)
 .text.libgcc   0x000035ae        0x0 /usr/lib/gcc/avr/4.5.3/avr5/libgcc.a(_clear_bss.o)
 .text.avr-libc
                0x000035ae        0xe /usr/lib/gcc/avr/4.5.3/../../../../avr/lib/avr5/libc.a(strcpy.o)
                0x000035ae                strcpy
 .text.avr-libc
                0x000035bc       0x34 /usr/lib/gcc/avr/4.5.3/../../../../avr/lib/avr5/libc.a(strstr.o)
                0x000035bc                strstr
 .text.avr-libc
                0x000035f0       0x4e /usr/lib/gcc/avr/4.5.3/../../../../avr/lib/avr5/libc.a(strtok_r.o)
                0x000035f0                strtok_r
 .text.avr-libc
                0x0000363e       0x4a /usr/lib/gcc/avr/4.5.3/../../../../avr/lib/avr5/libc.a(ultoa.o)
                0x0000363e                ultoa
 .text.avr-libc
                0x00003688       0x20 /usr/lib/gcc/avr/4.5.3/../../../../avr/lib/avr5/libc.a(strrev.o)
                0x00003688                strrev
                0x000036a8                . = ALIGN (0x2)
 *(.fini9)
 .fini9         0x000036a8        0x0 /usr/lib/gcc/avr/4.5.3/avr5/libgcc.a(_exit.o)
                0x000036a8                exit
                0x000036a8                _exit
 *(.fini9)
 *(.fini8)
 *(.fini8)
 *(.fini7)
 *(.fini7)
 *(.fini6)
 *(.fini6)
 *(.fini5)
 *(.fini5)
 *(.fini4)
 *(.fini4)
 *(.fini3)
 *(.fini3)
 *(.fini2)
 *(.fini2)
 *(.fini1)
 *(.fini1)
 *(.fini0)
 .fini0         0x000036a8        0x4 /usr/lib/gcc/avr/4.5.3/avr5/libgcc.a(_exit.o)
 *(.fini0)
                0x000036ac                _etext = .

.data           0x00800100      0x16c load address 0x000036ac
                0x00800100                PROVIDE (__data_start, .)
 *(.data)
 .data          0x00800100        0x0 /usr/lib/gcc/avr/4.5.3/../../../../avr/lib/avr5/crtm328p.o
 .data          0x00800100      0x16b main.o
 .data          0x0080026b        0x0 /usr/lib/gcc/avr/4.5.3/avr5/libgcc.a(_mulsi3.o)
 .data          0x0080026b        0x0 /usr/lib/gcc/avr/4.5.3/avr5/libgcc.a(_udivmodsi4.o)
 .data          0x0080026b        0x0 /usr/lib/gcc/avr/4.5.3/avr5/libgcc.a(_prologue.o)
 .data          0x0080026b        0x0 /usr/lib/gcc/avr/4.5.3/avr5/libgcc.a(_epilogue.o)
 .data          0x0080026b        0x0 /usr/lib/gcc/avr/4.5.3/avr5/libgcc.a(_exit.o)
 .data          0x0080026b        0x0 /usr/lib/gcc/avr/4.5.3/avr5/libgcc.a(_tablejump.o)
 .data          0x0080026b        0x0 /usr/lib/gcc/avr/4.5.3/avr5/libgcc.a(_copy_data.o)
 .data          0x0080026b        0x0 /usr/lib/gcc/avr/4.5.3/avr5/libgcc.a(_clear_bss.o)
 .data          0x0080026b        0x0 /usr/lib/gcc/avr/4.5.3/../../../../avr/lib/avr5/libc.a(strcpy.o)
 .data          0x0080026b        0x0 /usr/lib/gcc/avr/4.5.3/../../../../avr/lib/avr5/libc.a(strstr.o)
 .data          0x0080026b        0x0 /usr/lib/gcc/avr/4.5.3/../../../../avr/lib/avr5/libc.a(strtok_r.o)
 .data          0x0080026b        0x0 /usr/lib/gcc/avr/4.5.3/../../../../avr/lib/avr5/libc.a(ultoa.o)
 .data          0x0080026b        0x0 /usr/lib/gcc/avr/4.5.3/../../../../avr/lib/avr5/libc.a(strrev.o)
 *(.data*)
 *(.rodata)
 *(.rodata*)
 *(.gnu.linkonce.d*)
                0x0080026c                . = ALIGN (0x2)
 *fill*         0x0080026b        0x1 00
                0x0080026c                _edata = .
                0x0080026c                PROVIDE (__data_end, .)

.bss            0x0080026c      0x255
                0x0080026c                PROVIDE (__bss_start, .)
 *(.bss)
 .bss           0x0080026c        0x0 /usr/lib/gcc/avr/4.5.3/../../../../avr/lib/avr5/crtm328p.o
 .bss           0x0080026c        0x7 main.o
 .bss           0x00800273        0x0 /usr/lib/gcc/avr/4.5.3/avr5/libgcc.a(_mulsi3.o)
 .bss           0x00800273        0x0 /usr/lib/gcc/avr/4.5.3/avr5/libgcc.a(_udivmodsi4.o)
 .bss           0x00800273        0x0 /usr/lib/gcc/avr/4.5.3/avr5/libgcc.a(_prologue.o)
 .bss           0x00800273        0x0 /usr/lib/gcc/avr/4.5.3/avr5/libgcc.a(_epilogue.o)
 .bss           0x00800273        0x0 /usr/lib/gcc/avr/4.5.3/avr5/libgcc.a(_exit.o)
 .bss           0x00800273        0x0 /usr/lib/gcc/avr/4.5.3/avr5/libgcc.a(_tablejump.o)
 .bss           0x00800273        0x0 /usr/lib/gcc/avr/4.5.3/avr5/libgcc.a(_copy_data.o)
 .bss           0x00800273        0x0 /usr/lib/gcc/avr/4.5.3/avr5/libgcc.a(_clear_bss.o)
 .bss           0x00800273        0x0 /usr/lib/gcc/avr/4.5.3/../../../../avr/lib/avr5/libc.a(strcpy.o)
 .bss           0x00800273        0x0 /usr/lib/gcc/avr/4.5.3/../../../../avr/lib/avr5/libc.a(strstr.o)
 .bss           0x00800273        0x0 /usr/lib/gcc/avr/4.5.3/../../../../avr/lib/avr5/libc.a(strtok_r.o)
 .bss           0x00800273        0x0 /usr/lib/gcc/avr/4.5.3/../../../../avr/lib/avr5/libc.a(ultoa.o)
 .bss           0x00800273        0x0 /usr/lib/gcc/avr/4.5.3/../../../../avr/lib/avr5/libc.a(strrev.o)
 *(.bss*)
 *(COMMON)
 COMMON         0x00800273      0x24e main.o
                0x00800273                logFile
                0x00800293                FileSystemObject
                0x008004c1                PROVIDE (__bss_end, .)
                0x000036ac                __data_load_start = LOADADDR (.data)
                0x00003818                __data_load_end = (__data_load_start + SIZEOF (.data))

.noinit         0x008004c1        0x0
                0x008004c1                PROVIDE (__noinit_start, .)
 *(.noinit*)
                0x008004c1                PROVIDE (__noinit_end, .)
                0x008004c1                _end = .
                0x008004c1                PROVIDE (__heap_start, .)

.eeprom         0x00810000        0x0
 *(.eeprom*)
                0x00810000                __eeprom_end = .

.stab           0x00000000     0x573c
 *(.stab)
 .stab          0x00000000      0x6cc /usr/lib/gcc/avr/4.5.3/../../../../avr/lib/avr5/crtm328p.o
 .stab          0x000006cc     0x49f8 main.o
                               0x4a04 (size before relaxing)
 .stab          0x000050c4       0x6c /usr/lib/gcc/avr/4.5.3/../../../../avr/lib/avr5/libc.a(strcpy.o)
                                 0x78 (size before relaxing)
 .stab          0x00005130      0x150 /usr/lib/gcc/avr/4.5.3/../../../../avr/lib/avr5/libc.a(strstr.o)
                                0x15c (size before relaxing)
 .stab          0x00005280      0x204 /usr/lib/gcc/avr/4.5.3/../../../../avr/lib/avr5/libc.a(strtok_r.o)
                                0x210 (size before relaxing)
 .stab          0x00005484      0x1e0 /usr/lib/gcc/avr/4.5.3/../../../../avr/lib/avr5/libc.a(ultoa.o)
                                0x1ec (size before relaxing)
 .stab          0x00005664       0xd8 /usr/lib/gcc/avr/4.5.3/../../../../avr/lib/avr5/libc.a(strrev.o)
                                 0xe4 (size before relaxing)

.stabstr        0x00000000     0x1e0b
 *(.stabstr)
 .stabstr       0x00000000     0x1e0b /usr/lib/gcc/avr/4.5.3/../../../../avr/lib/avr5/crtm328p.o

.stab.excl
 *(.stab.excl)

.stab.exclstr
 *(.stab.exclstr)

.stab.index
 *(.stab.index)

.stab.indexstr
 *(.stab.indexstr)

.comment
 *(.comment)

.debug
 *(.debug)

.line
 *(.line)

.debug_srcinfo
 *(.debug_srcinfo .zdebug_srcinfo)

.debug_sfnames
 *(.debug_sfnames .zdebug_sfnames)

.debug_aranges
 *(.debug_aranges .zdebug_aranges)

.debug_pubnames
 *(.debug_pubnames .zdebug_pubnames)

.debug_info
 *(.debug_info .gnu.linkonce.wi.* .zdebug_info)

.debug_abbrev
 *(.debug_abbrev .zdebug_abbrev)

.debug_line
 *(.debug_line .zdebug_line)

.debug_frame
 *(.debug_frame .zdebug_frame)

.debug_str
 *(.debug_str .zdebug_str)

.debug_loc
 *(.debug_loc .zdebug_loc)

.debug_macinfo
 *(.debug_macinfo .zdebug_macinfo)
OUTPUT(main.obj elf32-avr)
LOAD linker stubs
